../Drivers/CMSIS/Include/core_cm4.h:2059:26:ITM_SendChar	4
../Core/Src/main.c:158:5:__io_putchar	1
../Core/Src/main.c:206:6:CC2500_WriteReg	1
../Core/Src/main.c:213:9:CC2500_ReadReg	2
../Core/Src/main.c:227:9:CC2500_Strobe	1
../Core/Src/main.c:236:6:CC2500_WriteBurst	1
../Core/Src/main.c:245:6:CC2500_ReadBurst	1
../Core/Src/main.c:261:6:CC2500_Reset	1
../Core/Src/main.c:271:9:CC2500_WaitIdle	3
../Core/Src/main.c:281:20:marcstate_str	7
../Core/Src/main.c:298:6:CC2500_RFConfig	1
../Core/Src/main.c:327:6:CC2500_SetFrequency	4
../Core/Src/main.c:347:8:CC2500_GetFrequency	1
../Core/Src/main.c:367:6:CC2500_TransmitPacket	1
../Core/Src/main.c:393:6:CC2500_ReceiveLoop	6
../Core/Src/main.c:446:6:CC2500_Test	11
../Core/Src/main.c:503:6:CC2500_TxLoopbackTest	1
../Core/Src/main.c:534:5:main	1
../Core/Src/main.c:615:6:SystemClock_Config	4
../Core/Src/main.c:652:13:MX_CAN1_Init	2
../Core/Src/main.c:673:13:MX_I2C1_Init	4
../Core/Src/main.c:697:13:MX_IWDG_Init	2
../Core/Src/main.c:713:13:MX_SPI1_Init	2
../Core/Src/main.c:737:13:MX_USART1_UART_Init	2
../Core/Src/main.c:758:13:MX_DMA_Init	1
../Core/Src/main.c:772:13:MX_GPIO_Init	1
../Core/Src/main.c:865:6:Error_Handler	1
