../Drivers/CMSIS/Include/core_cm4.h:2059:26:ITM_SendChar	16	static,ignoring_inline_asm
../Core/Src/main.c:158:5:__io_putchar	16	static
../Core/Src/main.c:206:6:CC2500_WriteReg	24	static
../Core/Src/main.c:213:9:CC2500_ReadReg	24	static
../Core/Src/main.c:227:9:CC2500_Strobe	32	static
../Core/Src/main.c:236:6:CC2500_WriteBurst	24	static
../Core/Src/main.c:245:6:CC2500_ReadBurst	96	static
../Core/Src/main.c:261:6:CC2500_Reset	8	static
../Core/Src/main.c:271:9:CC2500_WaitIdle	24	static
../Core/Src/main.c:281:20:marcstate_str	16	static
../Core/Src/main.c:298:6:CC2500_RFConfig	16	static
../Core/Src/main.c:327:6:CC2500_SetFrequency	24	static
../Core/Src/main.c:347:8:CC2500_GetFrequency	24	static
../Core/Src/main.c:367:6:CC2500_TransmitPacket	16	static
../Core/Src/main.c:393:6:CC2500_ReceiveLoop	96	static
../Core/Src/main.c:446:6:CC2500_Test	32	static
../Core/Src/main.c:503:6:CC2500_TxLoopbackTest	24	static
../Core/Src/main.c:534:5:main	88	dynamic
../Core/Src/main.c:615:6:SystemClock_Config	96	static
../Core/Src/main.c:652:13:MX_CAN1_Init	8	static
../Core/Src/main.c:673:13:MX_I2C1_Init	8	static
../Core/Src/main.c:697:13:MX_IWDG_Init	8	static
../Core/Src/main.c:713:13:MX_SPI1_Init	8	static
../Core/Src/main.c:737:13:MX_USART1_UART_Init	8	static
../Core/Src/main.c:758:13:MX_DMA_Init	16	static
../Core/Src/main.c:772:13:MX_GPIO_Init	48	static
../Core/Src/main.c:865:6:Error_Handler	4	static,ignoring_inline_asm
