../Drivers/CMSIS/Include/core_cm4.h:2059:26:ITM_SendChar	4
../Core/Src/main.c:156:5:__io_putchar	1
../Core/Src/main.c:204:6:CC2500_WriteReg	1
../Core/Src/main.c:214:9:CC2500_ReadReg	2
../Core/Src/main.c:228:9:CC2500_Strobe	1
../Core/Src/main.c:237:6:CC2500_WriteBurst	2
../Core/Src/main.c:252:6:CC2500_ReadBurst	2
../Core/Src/main.c:271:6:CC2500_Reset	1
../Core/Src/main.c:281:9:CC2500_WaitIdle	3
../Core/Src/main.c:291:20:marcstate_str	7
../Core/Src/main.c:308:6:CC2500_RFConfig	1
../Core/Src/main.c:345:6:CC2500_SetFrequency	4
../Core/Src/main.c:365:8:CC2500_GetFrequency	1
../Core/Src/main.c:385:6:CC2500_TransmitPacket	4
../Core/Src/main.c:426:6:CC2500_ReceiveLoop	8
../Core/Src/main.c:505:6:CC2500_Test	11
../Core/Src/main.c:562:6:CC2500_TxLoopbackTest	1
../Core/Src/main.c:593:5:main	1
../Core/Src/main.c:698:6:SystemClock_Config	4
../Core/Src/main.c:735:13:MX_CAN1_Init	2
../Core/Src/main.c:756:13:MX_I2C1_Init	4
../Core/Src/main.c:780:13:MX_IWDG_Init	1
../Core/Src/main.c:796:13:MX_SPI1_Init	2
../Core/Src/main.c:820:13:MX_USART1_UART_Init	2
../Core/Src/main.c:841:13:MX_DMA_Init	1
../Core/Src/main.c:855:13:MX_GPIO_Init	1
../Core/Src/main.c:948:6:Error_Handler	1
